time=2026-09-27T01:52:57.987Z level=WARN msg="slack configured but env var is empty" env=SLACK_WEBHOOK_URL
time=2026-09-27T01:52:57.987Z level=INFO msg=starting version=v0.1.0-3-g70d0293-dirty mode=observe interval=2s slurm_source=squeue gpu_source=simulator/hung scope=central window=10s util_threshold_pct=15
time=2026-09-27T01:52:57.987Z level=INFO msg="observe mode: no jobs will be cancelled and no nodes drained"
time=2026-09-27T01:52:57.987Z level=INFO msg="metrics listening" addr=:9835
time=2026-09-27T01:52:58.006Z level=INFO msg="cycle complete" gpu_jobs_in_scope=3 evaluated=3 without_samples=0 at_or_above_alert=0
time=2026-09-27T01:53:00.010Z level=INFO msg="cycle complete" gpu_jobs_in_scope=3 evaluated=3 without_samples=0 at_or_above_alert=0
time=2026-09-27T01:53:02.011Z level=INFO msg="cycle complete" gpu_jobs_in_scope=3 evaluated=3 without_samples=0 at_or_above_alert=0
time=2026-09-27T01:53:04.013Z level=INFO msg="cycle complete" gpu_jobs_in_scope=3 evaluated=3 without_samples=0 at_or_above_alert=2
time=2026-09-27T01:53:04.013Z level=INFO msg=finding verdict=alert signature=hung job_id=100241 user=alice account=research gpus=16 mean_util_pct=0 peak_util_pct=0 wasted_gpu_hours=0 reason="hung: peak util 0.0% (mean 0.0%) below 15.0% for 6s across 4 observations of 16 GPU(s); mem held 74%, mean power 88W; ~0.0 GPU-hours in this breach"
time=2026-09-27T01:53:04.013Z level=INFO msg=finding verdict=alert signature=hung job_id=100242 user=bob account=infra gpus=4 mean_util_pct=0 peak_util_pct=0 wasted_gpu_hours=0 reason="hung: peak util 0.0% (mean 0.0%) below 15.0% for 6s across 4 observations of 8 GPU(s); mem held 74%, mean power 88W; ~0.0 GPU-hours in this breach"
time=2026-09-27T01:53:06.010Z level=INFO msg="cycle complete" gpu_jobs_in_scope=3 evaluated=3 without_samples=0 at_or_above_alert=2
time=2026-09-27T01:53:06.010Z level=INFO msg=finding verdict=alert signature=hung job_id=100241 user=alice account=research gpus=16 mean_util_pct=0 peak_util_pct=0 wasted_gpu_hours=0 reason="hung: peak util 0.0% (mean 0.0%) below 15.0% for 8s across 5 observations of 16 GPU(s); mem held 74%, mean power 88W; ~0.0 GPU-hours in this breach"
time=2026-09-27T01:53:06.010Z level=INFO msg=finding verdict=alert signature=hung job_id=100242 user=bob account=infra gpus=4 mean_util_pct=0 peak_util_pct=0 wasted_gpu_hours=0 reason="hung: peak util 0.0% (mean 0.0%) below 15.0% for 8s across 5 observations of 8 GPU(s); mem held 74%, mean power 87W; ~0.0 GPU-hours in this breach"
time=2026-09-27T01:53:08.007Z level=INFO msg="cycle complete" gpu_jobs_in_scope=3 evaluated=3 without_samples=0 at_or_above_alert=2
time=2026-09-27T01:53:08.007Z level=WARN msg=finding verdict=drain signature=hung job_id=100241 user=alice account=research gpus=16 mean_util_pct=0 peak_util_pct=0 wasted_gpu_hours=0 reason="hung: peak util 0.0% (mean 0.0%) below 15.0% for 10s across 5 observations of 16 GPU(s); mem held 74%, mean power 87W; ~0.0 GPU-hours in this breach"
time=2026-09-27T01:53:08.007Z level=INFO msg="would drain" node=gpu001 job_id=100241 reason="gpu-reaper: hung job 100241"
time=2026-09-27T01:53:08.007Z level=INFO msg="would drain" node=gpu002 job_id=100241 reason="gpu-reaper: hung job 100241"
time=2026-09-27T01:53:08.007Z level=WARN msg=finding verdict=drain signature=hung job_id=100242 user=bob account=infra gpus=4 mean_util_pct=0 peak_util_pct=0 wasted_gpu_hours=0 reason="hung: peak util 0.0% (mean 0.0%) below 15.0% for 10s across 5 observations of 8 GPU(s); mem held 74%, mean power 87W; ~0.0 GPU-hours in this breach"
time=2026-09-27T01:53:08.007Z level=INFO msg="would drain" node=gpu003 job_id=100242 reason="gpu-reaper: hung job 100242"
time=2026-09-27T01:53:10.006Z level=INFO msg="cycle complete" gpu_jobs_in_scope=3 evaluated=3 without_samples=0 at_or_above_alert=2
time=2026-09-27T01:53:10.006Z level=WARN msg=finding verdict=drain signature=hung job_id=100241 user=alice account=research gpus=16 mean_util_pct=0 peak_util_pct=0 wasted_gpu_hours=0.1 reason="hung: peak util 0.0% (mean 0.0%) below 15.0% for 12s across 6 observations of 16 GPU(s); mem held 74%, mean power 87W; ~0.1 GPU-hours in this breach"
time=2026-09-27T01:53:10.006Z level=WARN msg=finding verdict=drain signature=hung job_id=100242 user=bob account=infra gpus=4 mean_util_pct=0 peak_util_pct=0 wasted_gpu_hours=0 reason="hung: peak util 0.0% (mean 0.0%) below 15.0% for 12s across 6 observations of 8 GPU(s); mem held 74%, mean power 88W; ~0.0 GPU-hours in this breach"
time=2026-09-27T01:53:12.008Z level=INFO msg="cycle complete" gpu_jobs_in_scope=3 evaluated=3 without_samples=0 at_or_above_alert=2
time=2026-09-27T01:53:12.008Z level=WARN msg=finding verdict=drain signature=hung job_id=100241 user=alice account=research gpus=16 mean_util_pct=0 peak_util_pct=0 wasted_gpu_hours=0.1 reason="hung: peak util 0.0% (mean 0.0%) below 15.0% for 14s across 6 observations of 16 GPU(s); mem held 74%, mean power 87W; ~0.1 GPU-hours in this breach"
time=2026-09-27T01:53:12.008Z level=WARN msg=finding verdict=drain signature=hung job_id=100242 user=bob account=infra gpus=4 mean_util_pct=0 peak_util_pct=0 wasted_gpu_hours=0 reason="hung: peak util 0.0% (mean 0.0%) below 15.0% for 14s across 6 observations of 8 GPU(s); mem held 74%, mean power 88W; ~0.0 GPU-hours in this breach"
time=2026-09-27T01:53:14.006Z level=INFO msg="cycle complete" gpu_jobs_in_scope=3 evaluated=3 without_samples=0 at_or_above_alert=2
time=2026-09-27T01:53:14.006Z level=WARN msg=finding verdict=drain signature=hung job_id=100241 user=alice account=research gpus=16 mean_util_pct=0 peak_util_pct=0 wasted_gpu_hours=0.1 reason="hung: peak util 0.0% (mean 0.0%) below 15.0% for 16s across 6 observations of 16 GPU(s); mem held 74%, mean power 88W; ~0.1 GPU-hours in this breach"
time=2026-09-27T01:53:14.006Z level=WARN msg=finding verdict=drain signature=hung job_id=100242 user=bob account=infra gpus=4 mean_util_pct=0 peak_util_pct=0 wasted_gpu_hours=0 reason="hung: peak util 0.0% (mean 0.0%) below 15.0% for 16s across 6 observations of 8 GPU(s); mem held 74%, mean power 88W; ~0.0 GPU-hours in this breach"
